[2026-08-27T17:30:13.944+0000] {processor.py:161} INFO - Started process (PID=168) to work on /opt/airflow/dags/example_dag.py
[2026-08-27T17:30:13.945+0000] {processor.py:830} INFO - Processing file /opt/airflow/dags/example_dag.py for tasks to queue
[2026-08-27T17:30:13.949+0000] {logging_mixin.py:188} INFO - [2026-08-27T17:30:13.948+0000] {dagbag.py:545} INFO - Filling up the DagBag from /opt/airflow/dags/example_dag.py
[2026-08-27T17:30:14.018+0000] {processor.py:840} INFO - DAG(s) 'example_dag' retrieved from /opt/airflow/dags/example_dag.py
[2026-08-27T17:30:14.378+0000] {logging_mixin.py:188} INFO - [2026-08-27T17:30:14.376+0000] {override.py:1829} INFO - Created Permission View: can delete on DAG:example_dag
[2026-08-27T17:30:14.395+0000] {logging_mixin.py:188} INFO - [2026-08-27T17:30:14.394+0000] {override.py:1829} INFO - Created Permission View: can read on DAG:example_dag
[2026-08-27T17:30:14.648+0000] {logging_mixin.py:188} INFO - [2026-08-27T17:30:14.647+0000] {override.py:1829} INFO - Created Permission View: can edit on DAG:example_dag
[2026-08-27T17:30:14.649+0000] {logging_mixin.py:188} INFO - [2026-08-27T17:30:14.648+0000] {dag.py:3096} INFO - Sync 1 DAGs
[2026-08-27T17:30:14.660+0000] {logging_mixin.py:188} INFO - [2026-08-27T17:30:14.660+0000] {dag.py:3118} INFO - Creating ORM DAG for example_dag
[2026-08-27T17:30:14.676+0000] {logging_mixin.py:188} INFO - [2026-08-27T17:30:14.676+0000] {dag.py:3954} INFO - Setting next_dagrun for example_dag to 2026-08-26 00:00:00+00:00, run_after=2026-08-27 00:00:00+00:00
[2026-08-27T17:30:14.729+0000] {processor.py:183} INFO - Processing /opt/airflow/dags/example_dag.py took 0.795 seconds
[2026-08-27T17:30:45.091+0000] {processor.py:161} INFO - Started process (PID=180) to work on /opt/airflow/dags/example_dag.py
[2026-08-27T17:30:45.092+0000] {processor.py:830} INFO - Processing file /opt/airflow/dags/example_dag.py for tasks to queue
[2026-08-27T17:30:45.095+0000] {logging_mixin.py:188} INFO - [2026-08-27T17:30:45.094+0000] {dagbag.py:545} INFO - Filling up the DagBag from /opt/airflow/dags/example_dag.py
[2026-08-27T17:30:45.153+0000] {processor.py:840} INFO - DAG(s) 'example_dag' retrieved from /opt/airflow/dags/example_dag.py
[2026-08-27T17:30:45.228+0000] {logging_mixin.py:188} INFO - [2026-08-27T17:30:45.227+0000] {dag.py:3096} INFO - Sync 1 DAGs
[2026-08-27T17:30:45.285+0000] {logging_mixin.py:188} INFO - [2026-08-27T17:30:45.284+0000] {dag.py:3954} INFO - Setting next_dagrun for example_dag to 2026-08-26 00:00:00+00:00, run_after=2026-08-27 00:00:00+00:00
[2026-08-27T17:30:45.345+0000] {processor.py:183} INFO - Processing /opt/airflow/dags/example_dag.py took 0.261 seconds
[2026-08-27T17:31:15.544+0000] {processor.py:161} INFO - Started process (PID=192) to work on /opt/airflow/dags/example_dag.py
[2026-08-27T17:31:15.546+0000] {processor.py:830} INFO - Processing file /opt/airflow/dags/example_dag.py for tasks to queue
[2026-08-27T17:31:15.550+0000] {logging_mixin.py:188} INFO - [2026-08-27T17:31:15.549+0000] {dagbag.py:545} INFO - Filling up the DagBag from /opt/airflow/dags/example_dag.py
[2026-08-27T17:31:15.604+0000] {processor.py:840} INFO - DAG(s) 'example_dag' retrieved from /opt/airflow/dags/example_dag.py
[2026-08-27T17:31:15.660+0000] {logging_mixin.py:188} INFO - [2026-08-27T17:31:15.659+0000] {dag.py:3096} INFO - Sync 1 DAGs
[2026-08-27T17:31:15.696+0000] {logging_mixin.py:188} INFO - [2026-08-27T17:31:15.696+0000] {dag.py:3954} INFO - Setting next_dagrun for example_dag to 2026-08-26 00:00:00+00:00, run_after=2026-08-27 00:00:00+00:00
[2026-08-27T17:31:15.725+0000] {processor.py:183} INFO - Processing /opt/airflow/dags/example_dag.py took 0.190 seconds
[2026-08-27T17:31:46.085+0000] {processor.py:161} INFO - Started process (PID=204) to work on /opt/airflow/dags/example_dag.py
[2026-08-27T17:31:46.088+0000] {processor.py:830} INFO - Processing file /opt/airflow/dags/example_dag.py for tasks to queue
[2026-08-27T17:31:46.091+0000] {logging_mixin.py:188} INFO - [2026-08-27T17:31:46.090+0000] {dagbag.py:545} INFO - Filling up the DagBag from /opt/airflow/dags/example_dag.py
[2026-08-27T17:31:46.138+0000] {processor.py:840} INFO - DAG(s) 'example_dag' retrieved from /opt/airflow/dags/example_dag.py
[2026-08-27T17:31:46.195+0000] {logging_mixin.py:188} INFO - [2026-08-27T17:31:46.195+0000] {dag.py:3096} INFO - Sync 1 DAGs
[2026-08-27T17:31:46.245+0000] {logging_mixin.py:188} INFO - [2026-08-27T17:31:46.244+0000] {dag.py:3954} INFO - Setting next_dagrun for example_dag to 2026-08-26 00:00:00+00:00, run_after=2026-08-27 00:00:00+00:00
[2026-08-27T17:31:46.271+0000] {processor.py:183} INFO - Processing /opt/airflow/dags/example_dag.py took 0.200 seconds
[2026-08-27T17:32:16.487+0000] {processor.py:161} INFO - Started process (PID=216) to work on /opt/airflow/dags/example_dag.py
[2026-08-27T17:32:16.489+0000] {processor.py:830} INFO - Processing file /opt/airflow/dags/example_dag.py for tasks to queue
[2026-08-27T17:32:16.491+0000] {logging_mixin.py:188} INFO - [2026-08-27T17:32:16.491+0000] {dagbag.py:545} INFO - Filling up the DagBag from /opt/airflow/dags/example_dag.py
[2026-08-27T17:32:16.517+0000] {processor.py:840} INFO - DAG(s) 'example_dag' retrieved from /opt/airflow/dags/example_dag.py
[2026-08-27T17:32:16.556+0000] {logging_mixin.py:188} INFO - [2026-08-27T17:32:16.556+0000] {dag.py:3096} INFO - Sync 1 DAGs
[2026-08-27T17:32:16.581+0000] {logging_mixin.py:188} INFO - [2026-08-27T17:32:16.581+0000] {dag.py:3954} INFO - Setting next_dagrun for example_dag to 2026-08-26 00:00:00+00:00, run_after=2026-08-27 00:00:00+00:00
[2026-08-27T17:32:16.832+0000] {processor.py:183} INFO - Processing /opt/airflow/dags/example_dag.py took 0.353 seconds
[2026-08-27T17:32:47.292+0000] {processor.py:161} INFO - Started process (PID=228) to work on /opt/airflow/dags/example_dag.py
[2026-08-27T17:32:47.295+0000] {processor.py:830} INFO - Processing file /opt/airflow/dags/example_dag.py for tasks to queue
[2026-08-27T17:32:47.300+0000] {logging_mixin.py:188} INFO - [2026-08-27T17:32:47.299+0000] {dagbag.py:545} INFO - Filling up the DagBag from /opt/airflow/dags/example_dag.py
[2026-08-27T17:32:47.381+0000] {processor.py:840} INFO - DAG(s) 'example_dag' retrieved from /opt/airflow/dags/example_dag.py
[2026-08-27T17:32:47.483+0000] {logging_mixin.py:188} INFO - [2026-08-27T17:32:47.482+0000] {dag.py:3096} INFO - Sync 1 DAGs
[2026-08-27T17:32:47.667+0000] {logging_mixin.py:188} INFO - [2026-08-27T17:32:47.666+0000] {dag.py:3954} INFO - Setting next_dagrun for example_dag to 2026-08-26 00:00:00+00:00, run_after=2026-08-27 00:00:00+00:00
[2026-08-27T17:32:47.702+0000] {processor.py:183} INFO - Processing /opt/airflow/dags/example_dag.py took 0.430 seconds
[2026-08-27T17:33:18.239+0000] {processor.py:161} INFO - Started process (PID=240) to work on /opt/airflow/dags/example_dag.py
[2026-08-27T17:33:18.249+0000] {processor.py:830} INFO - Processing file /opt/airflow/dags/example_dag.py for tasks to queue
[2026-08-27T17:33:18.257+0000] {logging_mixin.py:188} INFO - [2026-08-27T17:33:18.255+0000] {dagbag.py:545} INFO - Filling up the DagBag from /opt/airflow/dags/example_dag.py
[2026-08-27T17:33:18.372+0000] {processor.py:840} INFO - DAG(s) 'example_dag' retrieved from /opt/airflow/dags/example_dag.py
[2026-08-27T17:33:18.476+0000] {logging_mixin.py:188} INFO - [2026-08-27T17:33:18.474+0000] {dag.py:3096} INFO - Sync 1 DAGs
[2026-08-27T17:33:18.881+0000] {logging_mixin.py:188} INFO - [2026-08-27T17:33:18.880+0000] {dag.py:3954} INFO - Setting next_dagrun for example_dag to 2026-08-26 00:00:00+00:00, run_after=2026-08-27 00:00:00+00:00
[2026-08-27T17:33:18.938+0000] {processor.py:183} INFO - Processing /opt/airflow/dags/example_dag.py took 0.718 seconds
[2026-08-27T17:33:49.361+0000] {processor.py:161} INFO - Started process (PID=245) to work on /opt/airflow/dags/example_dag.py
[2026-08-27T17:33:49.363+0000] {processor.py:830} INFO - Processing file /opt/airflow/dags/example_dag.py for tasks to queue
[2026-08-27T17:33:49.365+0000] {logging_mixin.py:188} INFO - [2026-08-27T17:33:49.365+0000] {dagbag.py:545} INFO - Filling up the DagBag from /opt/airflow/dags/example_dag.py
[2026-08-27T17:33:49.390+0000] {processor.py:840} INFO - DAG(s) 'example_dag' retrieved from /opt/airflow/dags/example_dag.py
[2026-08-27T17:33:49.577+0000] {logging_mixin.py:188} INFO - [2026-08-27T17:33:49.576+0000] {dag.py:3096} INFO - Sync 1 DAGs
[2026-08-27T17:33:49.600+0000] {logging_mixin.py:188} INFO - [2026-08-27T17:33:49.599+0000] {dag.py:3954} INFO - Setting next_dagrun for example_dag to 2026-08-26 00:00:00+00:00, run_after=2026-08-27 00:00:00+00:00
[2026-08-27T17:33:49.632+0000] {processor.py:183} INFO - Processing /opt/airflow/dags/example_dag.py took 0.278 seconds
[2026-08-27T17:34:19.784+0000] {processor.py:161} INFO - Started process (PID=257) to work on /opt/airflow/dags/example_dag.py
[2026-08-27T17:34:19.787+0000] {processor.py:830} INFO - Processing file /opt/airflow/dags/example_dag.py for tasks to queue
[2026-08-27T17:34:19.790+0000] {logging_mixin.py:188} INFO - [2026-08-27T17:34:19.790+0000] {dagbag.py:545} INFO - Filling up the DagBag from /opt/airflow/dags/example_dag.py
[2026-08-27T17:34:20.063+0000] {processor.py:840} INFO - DAG(s) 'example_dag' retrieved from /opt/airflow/dags/example_dag.py
[2026-08-27T17:34:20.137+0000] {logging_mixin.py:188} INFO - [2026-08-27T17:34:20.137+0000] {dag.py:3096} INFO - Sync 1 DAGs
[2026-08-27T17:34:20.177+0000] {logging_mixin.py:188} INFO - [2026-08-27T17:34:20.176+0000] {dag.py:3954} INFO - Setting next_dagrun for example_dag to 2026-08-26 00:00:00+00:00, run_after=2026-08-27 00:00:00+00:00
[2026-08-27T17:34:20.233+0000] {processor.py:183} INFO - Processing /opt/airflow/dags/example_dag.py took 0.465 seconds
[2026-08-27T17:34:50.581+0000] {processor.py:161} INFO - Started process (PID=269) to work on /opt/airflow/dags/example_dag.py
[2026-08-27T17:34:50.583+0000] {processor.py:830} INFO - Processing file /opt/airflow/dags/example_dag.py for tasks to queue
[2026-08-27T17:34:50.585+0000] {logging_mixin.py:188} INFO - [2026-08-27T17:34:50.585+0000] {dagbag.py:545} INFO - Filling up the DagBag from /opt/airflow/dags/example_dag.py
[2026-08-27T17:34:50.649+0000] {processor.py:840} INFO - DAG(s) 'example_dag' retrieved from /opt/airflow/dags/example_dag.py
[2026-08-27T17:34:50.695+0000] {logging_mixin.py:188} INFO - [2026-08-27T17:34:50.695+0000] {dag.py:3096} INFO - Sync 1 DAGs
[2026-08-27T17:34:50.727+0000] {logging_mixin.py:188} INFO - [2026-08-27T17:34:50.726+0000] {dag.py:3954} INFO - Setting next_dagrun for example_dag to 2026-08-26 00:00:00+00:00, run_after=2026-08-27 00:00:00+00:00
[2026-08-27T17:34:50.756+0000] {processor.py:183} INFO - Processing /opt/airflow/dags/example_dag.py took 0.187 seconds
[2026-08-27T17:35:21.098+0000] {processor.py:161} INFO - Started process (PID=281) to work on /opt/airflow/dags/example_dag.py
[2026-08-27T17:35:21.103+0000] {processor.py:830} INFO - Processing file /opt/airflow/dags/example_dag.py for tasks to queue
[2026-08-27T17:35:21.116+0000] {logging_mixin.py:188} INFO - [2026-08-27T17:35:21.114+0000] {dagbag.py:545} INFO - Filling up the DagBag from /opt/airflow/dags/example_dag.py
[2026-08-27T17:35:21.223+0000] {processor.py:840} INFO - DAG(s) 'example_dag' retrieved from /opt/airflow/dags/example_dag.py
[2026-08-27T17:35:21.295+0000] {logging_mixin.py:188} INFO - [2026-08-27T17:35:21.294+0000] {dag.py:3096} INFO - Sync 1 DAGs
[2026-08-27T17:35:21.360+0000] {logging_mixin.py:188} INFO - [2026-08-27T17:35:21.359+0000] {dag.py:3954} INFO - Setting next_dagrun for example_dag to 2026-08-26 00:00:00+00:00, run_after=2026-08-27 00:00:00+00:00
[2026-08-27T17:35:21.387+0000] {processor.py:183} INFO - Processing /opt/airflow/dags/example_dag.py took 0.327 seconds
[2026-08-27T17:35:51.768+0000] {processor.py:161} INFO - Started process (PID=293) to work on /opt/airflow/dags/example_dag.py
[2026-08-27T17:35:51.770+0000] {processor.py:830} INFO - Processing file /opt/airflow/dags/example_dag.py for tasks to queue
[2026-08-27T17:35:51.773+0000] {logging_mixin.py:188} INFO - [2026-08-27T17:35:51.773+0000] {dagbag.py:545} INFO - Filling up the DagBag from /opt/airflow/dags/example_dag.py
[2026-08-27T17:35:51.827+0000] {processor.py:840} INFO - DAG(s) 'example_dag' retrieved from /opt/airflow/dags/example_dag.py
[2026-08-27T17:35:51.870+0000] {logging_mixin.py:188} INFO - [2026-08-27T17:35:51.870+0000] {dag.py:3096} INFO - Sync 1 DAGs
[2026-08-27T17:35:51.901+0000] {logging_mixin.py:188} INFO - [2026-08-27T17:35:51.901+0000] {dag.py:3954} INFO - Setting next_dagrun for example_dag to 2026-08-26 00:00:00+00:00, run_after=2026-08-27 00:00:00+00:00
[2026-08-27T17:35:51.936+0000] {processor.py:183} INFO - Processing /opt/airflow/dags/example_dag.py took 0.175 seconds
[2026-08-27T17:36:22.051+0000] {processor.py:161} INFO - Started process (PID=305) to work on /opt/airflow/dags/example_dag.py
[2026-08-27T17:36:22.053+0000] {processor.py:830} INFO - Processing file /opt/airflow/dags/example_dag.py for tasks to queue
[2026-08-27T17:36:22.056+0000] {logging_mixin.py:188} INFO - [2026-08-27T17:36:22.056+0000] {dagbag.py:545} INFO - Filling up the DagBag from /opt/airflow/dags/example_dag.py
[2026-08-27T17:36:22.107+0000] {processor.py:840} INFO - DAG(s) 'example_dag' retrieved from /opt/airflow/dags/example_dag.py
[2026-08-27T17:36:22.166+0000] {logging_mixin.py:188} INFO - [2026-08-27T17:36:22.166+0000] {dag.py:3096} INFO - Sync 1 DAGs
[2026-08-27T17:36:22.204+0000] {logging_mixin.py:188} INFO - [2026-08-27T17:36:22.204+0000] {dag.py:3954} INFO - Setting next_dagrun for example_dag to 2026-08-26 00:00:00+00:00, run_after=2026-08-27 00:00:00+00:00
[2026-08-27T17:36:22.248+0000] {processor.py:183} INFO - Processing /opt/airflow/dags/example_dag.py took 0.206 seconds
[2026-08-27T17:36:52.577+0000] {processor.py:161} INFO - Started process (PID=317) to work on /opt/airflow/dags/example_dag.py
[2026-08-27T17:36:52.579+0000] {processor.py:830} INFO - Processing file /opt/airflow/dags/example_dag.py for tasks to queue
[2026-08-27T17:36:52.582+0000] {logging_mixin.py:188} INFO - [2026-08-27T17:36:52.581+0000] {dagbag.py:545} INFO - Filling up the DagBag from /opt/airflow/dags/example_dag.py
[2026-08-27T17:36:52.626+0000] {processor.py:840} INFO - DAG(s) 'example_dag' retrieved from /opt/airflow/dags/example_dag.py
[2026-08-27T17:36:52.666+0000] {logging_mixin.py:188} INFO - [2026-08-27T17:36:52.666+0000] {dag.py:3096} INFO - Sync 1 DAGs
[2026-08-27T17:36:52.695+0000] {logging_mixin.py:188} INFO - [2026-08-27T17:36:52.695+0000] {dag.py:3954} INFO - Setting next_dagrun for example_dag to 2026-08-26 00:00:00+00:00, run_after=2026-08-27 00:00:00+00:00
[2026-08-27T17:36:52.731+0000] {processor.py:183} INFO - Processing /opt/airflow/dags/example_dag.py took 0.163 seconds
[2026-08-27T17:37:22.898+0000] {processor.py:161} INFO - Started process (PID=329) to work on /opt/airflow/dags/example_dag.py
[2026-08-27T17:37:22.900+0000] {processor.py:830} INFO - Processing file /opt/airflow/dags/example_dag.py for tasks to queue
[2026-08-27T17:37:22.903+0000] {logging_mixin.py:188} INFO - [2026-08-27T17:37:22.903+0000] {dagbag.py:545} INFO - Filling up the DagBag from /opt/airflow/dags/example_dag.py
[2026-08-27T17:37:22.970+0000] {processor.py:840} INFO - DAG(s) 'example_dag' retrieved from /opt/airflow/dags/example_dag.py
[2026-08-27T17:37:23.017+0000] {logging_mixin.py:188} INFO - [2026-08-27T17:37:23.016+0000] {dag.py:3096} INFO - Sync 1 DAGs
[2026-08-27T17:37:23.052+0000] {logging_mixin.py:188} INFO - [2026-08-27T17:37:23.051+0000] {dag.py:3954} INFO - Setting next_dagrun for example_dag to 2026-08-26 00:00:00+00:00, run_after=2026-08-27 00:00:00+00:00
[2026-08-27T17:37:23.085+0000] {processor.py:183} INFO - Processing /opt/airflow/dags/example_dag.py took 0.194 seconds
[2026-08-27T17:37:53.434+0000] {processor.py:161} INFO - Started process (PID=341) to work on /opt/airflow/dags/example_dag.py
[2026-08-27T17:37:53.437+0000] {processor.py:830} INFO - Processing file /opt/airflow/dags/example_dag.py for tasks to queue
[2026-08-27T17:37:53.440+0000] {logging_mixin.py:188} INFO - [2026-08-27T17:37:53.439+0000] {dagbag.py:545} INFO - Filling up the DagBag from /opt/airflow/dags/example_dag.py
[2026-08-27T17:37:53.491+0000] {processor.py:840} INFO - DAG(s) 'example_dag' retrieved from /opt/airflow/dags/example_dag.py
[2026-08-27T17:37:53.542+0000] {logging_mixin.py:188} INFO - [2026-08-27T17:37:53.542+0000] {dag.py:3096} INFO - Sync 1 DAGs
[2026-08-27T17:37:53.583+0000] {logging_mixin.py:188} INFO - [2026-08-27T17:37:53.583+0000] {dag.py:3954} INFO - Setting next_dagrun for example_dag to 2026-08-26 00:00:00+00:00, run_after=2026-08-27 00:00:00+00:00
[2026-08-27T17:37:53.624+0000] {processor.py:183} INFO - Processing /opt/airflow/dags/example_dag.py took 0.205 seconds
[2026-08-27T17:38:23.737+0000] {processor.py:161} INFO - Started process (PID=353) to work on /opt/airflow/dags/example_dag.py
[2026-08-27T17:38:23.738+0000] {processor.py:830} INFO - Processing file /opt/airflow/dags/example_dag.py for tasks to queue
[2026-08-27T17:38:23.741+0000] {logging_mixin.py:188} INFO - [2026-08-27T17:38:23.740+0000] {dagbag.py:545} INFO - Filling up the DagBag from /opt/airflow/dags/example_dag.py
[2026-08-27T17:38:23.770+0000] {processor.py:840} INFO - DAG(s) 'example_dag' retrieved from /opt/airflow/dags/example_dag.py
[2026-08-27T17:38:23.809+0000] {logging_mixin.py:188} INFO - [2026-08-27T17:38:23.809+0000] {dag.py:3096} INFO - Sync 1 DAGs
[2026-08-27T17:38:23.841+0000] {logging_mixin.py:188} INFO - [2026-08-27T17:38:23.840+0000] {dag.py:3954} INFO - Setting next_dagrun for example_dag to 2026-08-26 00:00:00+00:00, run_after=2026-08-27 00:00:00+00:00
[2026-08-27T17:38:23.870+0000] {processor.py:183} INFO - Processing /opt/airflow/dags/example_dag.py took 0.141 seconds
[2026-08-27T17:38:54.057+0000] {processor.py:161} INFO - Started process (PID=365) to work on /opt/airflow/dags/example_dag.py
[2026-08-27T17:38:54.059+0000] {processor.py:830} INFO - Processing file /opt/airflow/dags/example_dag.py for tasks to queue
[2026-08-27T17:38:54.063+0000] {logging_mixin.py:188} INFO - [2026-08-27T17:38:54.062+0000] {dagbag.py:545} INFO - Filling up the DagBag from /opt/airflow/dags/example_dag.py
[2026-08-27T17:38:54.107+0000] {processor.py:840} INFO - DAG(s) 'example_dag' retrieved from /opt/airflow/dags/example_dag.py
[2026-08-27T17:38:54.164+0000] {logging_mixin.py:188} INFO - [2026-08-27T17:38:54.164+0000] {dag.py:3096} INFO - Sync 1 DAGs
[2026-08-27T17:38:54.198+0000] {logging_mixin.py:188} INFO - [2026-08-27T17:38:54.198+0000] {dag.py:3954} INFO - Setting next_dagrun for example_dag to 2026-08-26 00:00:00+00:00, run_after=2026-08-27 00:00:00+00:00
[2026-08-27T17:38:54.241+0000] {processor.py:183} INFO - Processing /opt/airflow/dags/example_dag.py took 0.194 seconds
[2026-08-27T17:39:24.487+0000] {processor.py:161} INFO - Started process (PID=370) to work on /opt/airflow/dags/example_dag.py
[2026-08-27T17:39:24.489+0000] {processor.py:830} INFO - Processing file /opt/airflow/dags/example_dag.py for tasks to queue
[2026-08-27T17:39:24.491+0000] {logging_mixin.py:188} INFO - [2026-08-27T17:39:24.491+0000] {dagbag.py:545} INFO - Filling up the DagBag from /opt/airflow/dags/example_dag.py
[2026-08-27T17:39:24.534+0000] {processor.py:840} INFO - DAG(s) 'example_dag' retrieved from /opt/airflow/dags/example_dag.py
[2026-08-27T17:39:24.590+0000] {logging_mixin.py:188} INFO - [2026-08-27T17:39:24.589+0000] {dag.py:3096} INFO - Sync 1 DAGs
[2026-08-27T17:39:24.617+0000] {logging_mixin.py:188} INFO - [2026-08-27T17:39:24.616+0000] {dag.py:3954} INFO - Setting next_dagrun for example_dag to 2026-08-26 00:00:00+00:00, run_after=2026-08-27 00:00:00+00:00
[2026-08-27T17:39:24.644+0000] {processor.py:183} INFO - Processing /opt/airflow/dags/example_dag.py took 0.165 seconds
[2026-08-27T17:39:55.007+0000] {processor.py:161} INFO - Started process (PID=382) to work on /opt/airflow/dags/example_dag.py
[2026-08-27T17:39:55.010+0000] {processor.py:830} INFO - Processing file /opt/airflow/dags/example_dag.py for tasks to queue
[2026-08-27T17:39:55.016+0000] {logging_mixin.py:188} INFO - [2026-08-27T17:39:55.015+0000] {dagbag.py:545} INFO - Filling up the DagBag from /opt/airflow/dags/example_dag.py
[2026-08-27T17:39:55.085+0000] {processor.py:840} INFO - DAG(s) 'example_dag' retrieved from /opt/airflow/dags/example_dag.py
[2026-08-27T17:39:55.139+0000] {logging_mixin.py:188} INFO - [2026-08-27T17:39:55.138+0000] {dag.py:3096} INFO - Sync 1 DAGs
[2026-08-27T17:39:55.171+0000] {logging_mixin.py:188} INFO - [2026-08-27T17:39:55.170+0000] {dag.py:3954} INFO - Setting next_dagrun for example_dag to 2026-08-26 00:00:00+00:00, run_after=2026-08-27 00:00:00+00:00
[2026-08-27T17:39:55.213+0000] {processor.py:183} INFO - Processing /opt/airflow/dags/example_dag.py took 0.226 seconds
[2026-08-27T17:40:25.434+0000] {processor.py:161} INFO - Started process (PID=394) to work on /opt/airflow/dags/example_dag.py
[2026-08-27T17:40:25.436+0000] {processor.py:830} INFO - Processing file /opt/airflow/dags/example_dag.py for tasks to queue
[2026-08-27T17:40:25.439+0000] {logging_mixin.py:188} INFO - [2026-08-27T17:40:25.438+0000] {dagbag.py:545} INFO - Filling up the DagBag from /opt/airflow/dags/example_dag.py
[2026-08-27T17:40:25.479+0000] {processor.py:840} INFO - DAG(s) 'example_dag' retrieved from /opt/airflow/dags/example_dag.py
[2026-08-27T17:40:25.535+0000] {logging_mixin.py:188} INFO - [2026-08-27T17:40:25.534+0000] {dag.py:3096} INFO - Sync 1 DAGs
[2026-08-27T17:40:25.575+0000] {logging_mixin.py:188} INFO - [2026-08-27T17:40:25.575+0000] {dag.py:3954} INFO - Setting next_dagrun for example_dag to 2026-08-26 00:00:00+00:00, run_after=2026-08-27 00:00:00+00:00
[2026-08-27T17:40:25.607+0000] {processor.py:183} INFO - Processing /opt/airflow/dags/example_dag.py took 0.182 seconds
[2026-08-27T17:40:55.987+0000] {processor.py:161} INFO - Started process (PID=407) to work on /opt/airflow/dags/example_dag.py
[2026-08-27T17:40:55.990+0000] {processor.py:830} INFO - Processing file /opt/airflow/dags/example_dag.py for tasks to queue
[2026-08-27T17:40:55.994+0000] {logging_mixin.py:188} INFO - [2026-08-27T17:40:55.993+0000] {dagbag.py:545} INFO - Filling up the DagBag from /opt/airflow/dags/example_dag.py
[2026-08-27T17:40:56.047+0000] {processor.py:840} INFO - DAG(s) 'example_dag' retrieved from /opt/airflow/dags/example_dag.py
[2026-08-27T17:40:56.122+0000] {logging_mixin.py:188} INFO - [2026-08-27T17:40:56.122+0000] {dag.py:3096} INFO - Sync 1 DAGs
[2026-08-27T17:40:56.180+0000] {logging_mixin.py:188} INFO - [2026-08-27T17:40:56.179+0000] {dag.py:3954} INFO - Setting next_dagrun for example_dag to 2026-08-26 00:00:00+00:00, run_after=2026-08-27 00:00:00+00:00
[2026-08-27T17:40:56.214+0000] {processor.py:183} INFO - Processing /opt/airflow/dags/example_dag.py took 0.239 seconds
[2026-08-27T17:41:26.412+0000] {processor.py:161} INFO - Started process (PID=419) to work on /opt/airflow/dags/example_dag.py
[2026-08-27T17:41:26.415+0000] {processor.py:830} INFO - Processing file /opt/airflow/dags/example_dag.py for tasks to queue
[2026-08-27T17:41:26.419+0000] {logging_mixin.py:188} INFO - [2026-08-27T17:41:26.418+0000] {dagbag.py:545} INFO - Filling up the DagBag from /opt/airflow/dags/example_dag.py
[2026-08-27T17:41:26.492+0000] {processor.py:840} INFO - DAG(s) 'example_dag' retrieved from /opt/airflow/dags/example_dag.py
[2026-08-27T17:41:26.568+0000] {logging_mixin.py:188} INFO - [2026-08-27T17:41:26.567+0000] {dag.py:3096} INFO - Sync 1 DAGs
[2026-08-27T17:41:26.624+0000] {logging_mixin.py:188} INFO - [2026-08-27T17:41:26.624+0000] {dag.py:3954} INFO - Setting next_dagrun for example_dag to 2026-08-26 00:00:00+00:00, run_after=2026-08-27 00:00:00+00:00
[2026-08-27T17:41:26.666+0000] {processor.py:183} INFO - Processing /opt/airflow/dags/example_dag.py took 0.270 seconds
[2026-08-27T17:41:56.910+0000] {processor.py:161} INFO - Started process (PID=432) to work on /opt/airflow/dags/example_dag.py
[2026-08-27T17:41:56.914+0000] {processor.py:830} INFO - Processing file /opt/airflow/dags/example_dag.py for tasks to queue
[2026-08-27T17:41:56.923+0000] {logging_mixin.py:188} INFO - [2026-08-27T17:41:56.922+0000] {dagbag.py:545} INFO - Filling up the DagBag from /opt/airflow/dags/example_dag.py
[2026-08-27T17:41:57.006+0000] {processor.py:840} INFO - DAG(s) 'example_dag' retrieved from /opt/airflow/dags/example_dag.py
[2026-08-27T17:41:57.099+0000] {logging_mixin.py:188} INFO - [2026-08-27T17:41:57.098+0000] {dag.py:3096} INFO - Sync 1 DAGs
[2026-08-27T17:41:57.179+0000] {logging_mixin.py:188} INFO - [2026-08-27T17:41:57.178+0000] {dag.py:3954} INFO - Setting next_dagrun for example_dag to 2026-08-26 00:00:00+00:00, run_after=2026-08-27 00:00:00+00:00
[2026-08-27T17:41:57.236+0000] {processor.py:183} INFO - Processing /opt/airflow/dags/example_dag.py took 0.345 seconds
[2026-08-27T17:42:27.578+0000] {processor.py:161} INFO - Started process (PID=444) to work on /opt/airflow/dags/example_dag.py
[2026-08-27T17:42:27.580+0000] {processor.py:830} INFO - Processing file /opt/airflow/dags/example_dag.py for tasks to queue
[2026-08-27T17:42:27.582+0000] {logging_mixin.py:188} INFO - [2026-08-27T17:42:27.582+0000] {dagbag.py:545} INFO - Filling up the DagBag from /opt/airflow/dags/example_dag.py
[2026-08-27T17:42:27.611+0000] {processor.py:840} INFO - DAG(s) 'example_dag' retrieved from /opt/airflow/dags/example_dag.py
[2026-08-27T17:42:27.653+0000] {logging_mixin.py:188} INFO - [2026-08-27T17:42:27.652+0000] {dag.py:3096} INFO - Sync 1 DAGs
[2026-08-27T17:42:27.690+0000] {logging_mixin.py:188} INFO - [2026-08-27T17:42:27.689+0000] {dag.py:3954} INFO - Setting next_dagrun for example_dag to 2026-08-26 00:00:00+00:00, run_after=2026-08-27 00:00:00+00:00
[2026-08-27T17:42:27.734+0000] {processor.py:183} INFO - Processing /opt/airflow/dags/example_dag.py took 0.163 seconds
[2026-08-27T17:42:57.939+0000] {processor.py:161} INFO - Started process (PID=457) to work on /opt/airflow/dags/example_dag.py
[2026-08-27T17:42:57.940+0000] {processor.py:830} INFO - Processing file /opt/airflow/dags/example_dag.py for tasks to queue
[2026-08-27T17:42:57.943+0000] {logging_mixin.py:188} INFO - [2026-08-27T17:42:57.942+0000] {dagbag.py:545} INFO - Filling up the DagBag from /opt/airflow/dags/example_dag.py
[2026-08-27T17:42:57.995+0000] {processor.py:840} INFO - DAG(s) 'example_dag' retrieved from /opt/airflow/dags/example_dag.py
[2026-08-27T17:42:58.037+0000] {logging_mixin.py:188} INFO - [2026-08-27T17:42:58.037+0000] {dag.py:3096} INFO - Sync 1 DAGs
[2026-08-27T17:42:58.107+0000] {logging_mixin.py:188} INFO - [2026-08-27T17:42:58.106+0000] {dag.py:3954} INFO - Setting next_dagrun for example_dag to 2026-08-26 00:00:00+00:00, run_after=2026-08-27 00:00:00+00:00
[2026-08-27T17:42:58.149+0000] {processor.py:183} INFO - Processing /opt/airflow/dags/example_dag.py took 0.217 seconds
[2026-08-27T17:43:28.412+0000] {processor.py:161} INFO - Started process (PID=469) to work on /opt/airflow/dags/example_dag.py
[2026-08-27T17:43:28.414+0000] {processor.py:830} INFO - Processing file /opt/airflow/dags/example_dag.py for tasks to queue
[2026-08-27T17:43:28.419+0000] {logging_mixin.py:188} INFO - [2026-08-27T17:43:28.419+0000] {dagbag.py:545} INFO - Filling up the DagBag from /opt/airflow/dags/example_dag.py
[2026-08-27T17:43:28.497+0000] {processor.py:840} INFO - DAG(s) 'example_dag' retrieved from /opt/airflow/dags/example_dag.py
[2026-08-27T17:43:28.589+0000] {logging_mixin.py:188} INFO - [2026-08-27T17:43:28.589+0000] {dag.py:3096} INFO - Sync 1 DAGs
[2026-08-27T17:43:28.630+0000] {logging_mixin.py:188} INFO - [2026-08-27T17:43:28.630+0000] {dag.py:3954} INFO - Setting next_dagrun for example_dag to 2026-08-26 00:00:00+00:00, run_after=2026-08-27 00:00:00+00:00
[2026-08-27T17:43:28.668+0000] {processor.py:183} INFO - Processing /opt/airflow/dags/example_dag.py took 0.263 seconds
[2026-08-27T17:43:58.849+0000] {processor.py:161} INFO - Started process (PID=481) to work on /opt/airflow/dags/example_dag.py
[2026-08-27T17:43:58.852+0000] {processor.py:830} INFO - Processing file /opt/airflow/dags/example_dag.py for tasks to queue
[2026-08-27T17:43:58.858+0000] {logging_mixin.py:188} INFO - [2026-08-27T17:43:58.857+0000] {dagbag.py:545} INFO - Filling up the DagBag from /opt/airflow/dags/example_dag.py
[2026-08-27T17:43:58.934+0000] {processor.py:840} INFO - DAG(s) 'example_dag' retrieved from /opt/airflow/dags/example_dag.py
[2026-08-27T17:43:58.998+0000] {logging_mixin.py:188} INFO - [2026-08-27T17:43:58.997+0000] {dag.py:3096} INFO - Sync 1 DAGs
[2026-08-27T17:43:59.037+0000] {logging_mixin.py:188} INFO - [2026-08-27T17:43:59.036+0000] {dag.py:3954} INFO - Setting next_dagrun for example_dag to 2026-08-26 00:00:00+00:00, run_after=2026-08-27 00:00:00+00:00
[2026-08-27T17:43:59.077+0000] {processor.py:183} INFO - Processing /opt/airflow/dags/example_dag.py took 0.239 seconds
[2026-08-27T17:44:29.297+0000] {processor.py:161} INFO - Started process (PID=486) to work on /opt/airflow/dags/example_dag.py
[2026-08-27T17:44:29.299+0000] {processor.py:830} INFO - Processing file /opt/airflow/dags/example_dag.py for tasks to queue
[2026-08-27T17:44:29.303+0000] {logging_mixin.py:188} INFO - [2026-08-27T17:44:29.303+0000] {dagbag.py:545} INFO - Filling up the DagBag from /opt/airflow/dags/example_dag.py
[2026-08-27T17:44:29.374+0000] {processor.py:840} INFO - DAG(s) 'example_dag' retrieved from /opt/airflow/dags/example_dag.py
[2026-08-27T17:44:29.412+0000] {logging_mixin.py:188} INFO - [2026-08-27T17:44:29.411+0000] {dag.py:3096} INFO - Sync 1 DAGs
[2026-08-27T17:44:29.440+0000] {logging_mixin.py:188} INFO - [2026-08-27T17:44:29.440+0000] {dag.py:3954} INFO - Setting next_dagrun for example_dag to 2026-08-26 00:00:00+00:00, run_after=2026-08-27 00:00:00+00:00
[2026-08-27T17:44:29.465+0000] {processor.py:183} INFO - Processing /opt/airflow/dags/example_dag.py took 0.176 seconds
[2026-08-27T17:44:59.629+0000] {processor.py:161} INFO - Started process (PID=498) to work on /opt/airflow/dags/example_dag.py
[2026-08-27T17:44:59.631+0000] {processor.py:830} INFO - Processing file /opt/airflow/dags/example_dag.py for tasks to queue
[2026-08-27T17:44:59.633+0000] {logging_mixin.py:188} INFO - [2026-08-27T17:44:59.633+0000] {dagbag.py:545} INFO - Filling up the DagBag from /opt/airflow/dags/example_dag.py
[2026-08-27T17:44:59.680+0000] {processor.py:840} INFO - DAG(s) 'example_dag' retrieved from /opt/airflow/dags/example_dag.py
[2026-08-27T17:44:59.730+0000] {logging_mixin.py:188} INFO - [2026-08-27T17:44:59.729+0000] {dag.py:3096} INFO - Sync 1 DAGs
[2026-08-27T17:44:59.758+0000] {logging_mixin.py:188} INFO - [2026-08-27T17:44:59.757+0000] {dag.py:3954} INFO - Setting next_dagrun for example_dag to 2026-08-26 00:00:00+00:00, run_after=2026-08-27 00:00:00+00:00
[2026-08-27T17:44:59.783+0000] {processor.py:183} INFO - Processing /opt/airflow/dags/example_dag.py took 0.160 seconds
[2026-08-27T17:45:30.162+0000] {processor.py:161} INFO - Started process (PID=510) to work on /opt/airflow/dags/example_dag.py
[2026-08-27T17:45:30.165+0000] {processor.py:830} INFO - Processing file /opt/airflow/dags/example_dag.py for tasks to queue
[2026-08-27T17:45:30.172+0000] {logging_mixin.py:188} INFO - [2026-08-27T17:45:30.171+0000] {dagbag.py:545} INFO - Filling up the DagBag from /opt/airflow/dags/example_dag.py
[2026-08-27T17:45:30.244+0000] {processor.py:840} INFO - DAG(s) 'example_dag' retrieved from /opt/airflow/dags/example_dag.py
[2026-08-27T17:45:30.285+0000] {logging_mixin.py:188} INFO - [2026-08-27T17:45:30.285+0000] {dag.py:3096} INFO - Sync 1 DAGs
[2026-08-27T17:45:30.316+0000] {logging_mixin.py:188} INFO - [2026-08-27T17:45:30.316+0000] {dag.py:3954} INFO - Setting next_dagrun for example_dag to 2026-08-26 00:00:00+00:00, run_after=2026-08-27 00:00:00+00:00
[2026-08-27T17:45:30.363+0000] {processor.py:183} INFO - Processing /opt/airflow/dags/example_dag.py took 0.220 seconds
[2026-08-27T17:46:00.763+0000] {processor.py:161} INFO - Started process (PID=522) to work on /opt/airflow/dags/example_dag.py
[2026-08-27T17:46:00.765+0000] {processor.py:830} INFO - Processing file /opt/airflow/dags/example_dag.py for tasks to queue
[2026-08-27T17:46:00.770+0000] {logging_mixin.py:188} INFO - [2026-08-27T17:46:00.769+0000] {dagbag.py:545} INFO - Filling up the DagBag from /opt/airflow/dags/example_dag.py
[2026-08-27T17:46:00.823+0000] {processor.py:840} INFO - DAG(s) 'example_dag' retrieved from /opt/airflow/dags/example_dag.py
[2026-08-27T17:46:00.886+0000] {logging_mixin.py:188} INFO - [2026-08-27T17:46:00.885+0000] {dag.py:3096} INFO - Sync 1 DAGs
[2026-08-27T17:46:00.941+0000] {logging_mixin.py:188} INFO - [2026-08-27T17:46:00.941+0000] {dag.py:3954} INFO - Setting next_dagrun for example_dag to 2026-08-26 00:00:00+00:00, run_after=2026-08-27 00:00:00+00:00
[2026-08-27T17:46:00.982+0000] {processor.py:183} INFO - Processing /opt/airflow/dags/example_dag.py took 0.232 seconds
[2026-08-27T17:46:31.335+0000] {processor.py:161} INFO - Started process (PID=534) to work on /opt/airflow/dags/example_dag.py
[2026-08-27T17:46:31.336+0000] {processor.py:830} INFO - Processing file /opt/airflow/dags/example_dag.py for tasks to queue
[2026-08-27T17:46:31.339+0000] {logging_mixin.py:188} INFO - [2026-08-27T17:46:31.338+0000] {dagbag.py:545} INFO - Filling up the DagBag from /opt/airflow/dags/example_dag.py
[2026-08-27T17:46:31.393+0000] {processor.py:840} INFO - DAG(s) 'example_dag' retrieved from /opt/airflow/dags/example_dag.py
[2026-08-27T17:46:31.437+0000] {logging_mixin.py:188} INFO - [2026-08-27T17:46:31.437+0000] {dag.py:3096} INFO - Sync 1 DAGs
[2026-08-27T17:46:31.473+0000] {logging_mixin.py:188} INFO - [2026-08-27T17:46:31.473+0000] {dag.py:3954} INFO - Setting next_dagrun for example_dag to 2026-08-26 00:00:00+00:00, run_after=2026-08-27 00:00:00+00:00
[2026-08-27T17:46:31.550+0000] {processor.py:183} INFO - Processing /opt/airflow/dags/example_dag.py took 0.222 seconds
[2026-08-27T17:47:02.014+0000] {processor.py:161} INFO - Started process (PID=546) to work on /opt/airflow/dags/example_dag.py
[2026-08-27T17:47:02.016+0000] {processor.py:830} INFO - Processing file /opt/airflow/dags/example_dag.py for tasks to queue
[2026-08-27T17:47:02.021+0000] {logging_mixin.py:188} INFO - [2026-08-27T17:47:02.020+0000] {dagbag.py:545} INFO - Filling up the DagBag from /opt/airflow/dags/example_dag.py
[2026-08-27T17:47:02.076+0000] {processor.py:840} INFO - DAG(s) 'example_dag' retrieved from /opt/airflow/dags/example_dag.py
[2026-08-27T17:47:02.134+0000] {logging_mixin.py:188} INFO - [2026-08-27T17:47:02.134+0000] {dag.py:3096} INFO - Sync 1 DAGs
[2026-08-27T17:47:02.173+0000] {logging_mixin.py:188} INFO - [2026-08-27T17:47:02.172+0000] {dag.py:3954} INFO - Setting next_dagrun for example_dag to 2026-08-26 00:00:00+00:00, run_after=2026-08-27 00:00:00+00:00
[2026-08-27T17:47:02.208+0000] {processor.py:183} INFO - Processing /opt/airflow/dags/example_dag.py took 0.209 seconds
[2026-08-27T17:47:32.406+0000] {processor.py:161} INFO - Started process (PID=558) to work on /opt/airflow/dags/example_dag.py
[2026-08-27T17:47:32.408+0000] {processor.py:830} INFO - Processing file /opt/airflow/dags/example_dag.py for tasks to queue
[2026-08-27T17:47:32.412+0000] {logging_mixin.py:188} INFO - [2026-08-27T17:47:32.411+0000] {dagbag.py:545} INFO - Filling up the DagBag from /opt/airflow/dags/example_dag.py
[2026-08-27T17:47:32.514+0000] {processor.py:840} INFO - DAG(s) 'example_dag' retrieved from /opt/airflow/dags/example_dag.py
[2026-08-27T17:47:32.574+0000] {logging_mixin.py:188} INFO - [2026-08-27T17:47:32.573+0000] {dag.py:3096} INFO - Sync 1 DAGs
[2026-08-27T17:47:32.621+0000] {logging_mixin.py:188} INFO - [2026-08-27T17:47:32.621+0000] {dag.py:3954} INFO - Setting next_dagrun for example_dag to 2026-08-26 00:00:00+00:00, run_after=2026-08-27 00:00:00+00:00
[2026-08-27T17:47:32.664+0000] {processor.py:183} INFO - Processing /opt/airflow/dags/example_dag.py took 0.268 seconds
[2026-08-27T17:48:54.761+0000] {processor.py:161} INFO - Started process (PID=168) to work on /opt/airflow/dags/example_dag.py
[2026-08-27T17:48:54.763+0000] {processor.py:830} INFO - Processing file /opt/airflow/dags/example_dag.py for tasks to queue
[2026-08-27T17:48:54.766+0000] {logging_mixin.py:188} INFO - [2026-08-27T17:48:54.765+0000] {dagbag.py:545} INFO - Filling up the DagBag from /opt/airflow/dags/example_dag.py
[2026-08-27T17:48:54.817+0000] {processor.py:840} INFO - DAG(s) 'example_dag' retrieved from /opt/airflow/dags/example_dag.py
[2026-08-27T17:48:55.125+0000] {logging_mixin.py:188} INFO - [2026-08-27T17:48:55.123+0000] {override.py:1829} INFO - Created Permission View: can delete on DAG:example_dag
[2026-08-27T17:48:55.137+0000] {logging_mixin.py:188} INFO - [2026-08-27T17:48:55.137+0000] {override.py:1829} INFO - Created Permission View: can edit on DAG:example_dag
[2026-08-27T17:48:55.437+0000] {logging_mixin.py:188} INFO - [2026-08-27T17:48:55.436+0000] {override.py:1829} INFO - Created Permission View: can read on DAG:example_dag
[2026-08-27T17:48:55.438+0000] {logging_mixin.py:188} INFO - [2026-08-27T17:48:55.438+0000] {dag.py:3096} INFO - Sync 1 DAGs
[2026-08-27T17:48:55.456+0000] {logging_mixin.py:188} INFO - [2026-08-27T17:48:55.455+0000] {dag.py:3118} INFO - Creating ORM DAG for example_dag
[2026-08-27T17:48:55.476+0000] {logging_mixin.py:188} INFO - [2026-08-27T17:48:55.476+0000] {dag.py:3954} INFO - Setting next_dagrun for example_dag to 2026-08-26 00:00:00+00:00, run_after=2026-08-27 00:00:00+00:00
[2026-08-27T17:48:55.528+0000] {processor.py:183} INFO - Processing /opt/airflow/dags/example_dag.py took 0.784 seconds
[2026-08-27T17:49:25.875+0000] {processor.py:161} INFO - Started process (PID=181) to work on /opt/airflow/dags/example_dag.py
[2026-08-27T17:49:25.880+0000] {processor.py:830} INFO - Processing file /opt/airflow/dags/example_dag.py for tasks to queue
[2026-08-27T17:49:25.885+0000] {logging_mixin.py:188} INFO - [2026-08-27T17:49:25.883+0000] {dagbag.py:545} INFO - Filling up the DagBag from /opt/airflow/dags/example_dag.py
[2026-08-27T17:49:25.965+0000] {processor.py:840} INFO - DAG(s) 'example_dag' retrieved from /opt/airflow/dags/example_dag.py
[2026-08-27T17:49:26.071+0000] {logging_mixin.py:188} INFO - [2026-08-27T17:49:26.071+0000] {dag.py:3096} INFO - Sync 1 DAGs
[2026-08-27T17:49:26.126+0000] {logging_mixin.py:188} INFO - [2026-08-27T17:49:26.126+0000] {dag.py:3954} INFO - Setting next_dagrun for example_dag to 2026-08-26 00:00:00+00:00, run_after=2026-08-27 00:00:00+00:00
[2026-08-27T17:49:26.167+0000] {processor.py:183} INFO - Processing /opt/airflow/dags/example_dag.py took 0.306 seconds
[2026-08-27T17:49:56.394+0000] {processor.py:161} INFO - Started process (PID=193) to work on /opt/airflow/dags/example_dag.py
[2026-08-27T17:49:56.396+0000] {processor.py:830} INFO - Processing file /opt/airflow/dags/example_dag.py for tasks to queue
[2026-08-27T17:49:56.400+0000] {logging_mixin.py:188} INFO - [2026-08-27T17:49:56.399+0000] {dagbag.py:545} INFO - Filling up the DagBag from /opt/airflow/dags/example_dag.py
[2026-08-27T17:49:56.447+0000] {processor.py:840} INFO - DAG(s) 'example_dag' retrieved from /opt/airflow/dags/example_dag.py
[2026-08-27T17:49:56.502+0000] {logging_mixin.py:188} INFO - [2026-08-27T17:49:56.501+0000] {dag.py:3096} INFO - Sync 1 DAGs
[2026-08-27T17:49:56.543+0000] {logging_mixin.py:188} INFO - [2026-08-27T17:49:56.542+0000] {dag.py:3954} INFO - Setting next_dagrun for example_dag to 2026-08-26 00:00:00+00:00, run_after=2026-08-27 00:00:00+00:00
[2026-08-27T17:49:56.588+0000] {processor.py:183} INFO - Processing /opt/airflow/dags/example_dag.py took 0.204 seconds
[2026-08-27T17:50:26.736+0000] {processor.py:161} INFO - Started process (PID=205) to work on /opt/airflow/dags/example_dag.py
[2026-08-27T17:50:26.739+0000] {processor.py:830} INFO - Processing file /opt/airflow/dags/example_dag.py for tasks to queue
[2026-08-27T17:50:26.743+0000] {logging_mixin.py:188} INFO - [2026-08-27T17:50:26.742+0000] {dagbag.py:545} INFO - Filling up the DagBag from /opt/airflow/dags/example_dag.py
[2026-08-27T17:50:26.804+0000] {processor.py:840} INFO - DAG(s) 'example_dag' retrieved from /opt/airflow/dags/example_dag.py
[2026-08-27T17:50:26.891+0000] {logging_mixin.py:188} INFO - [2026-08-27T17:50:26.890+0000] {dag.py:3096} INFO - Sync 1 DAGs
[2026-08-27T17:50:26.940+0000] {logging_mixin.py:188} INFO - [2026-08-27T17:50:26.939+0000] {dag.py:3954} INFO - Setting next_dagrun for example_dag to 2026-08-26 00:00:00+00:00, run_after=2026-08-27 00:00:00+00:00
[2026-08-27T17:50:26.981+0000] {processor.py:183} INFO - Processing /opt/airflow/dags/example_dag.py took 0.256 seconds
[2026-08-27T17:50:57.228+0000] {processor.py:161} INFO - Started process (PID=217) to work on /opt/airflow/dags/example_dag.py
[2026-08-27T17:50:57.230+0000] {processor.py:830} INFO - Processing file /opt/airflow/dags/example_dag.py for tasks to queue
[2026-08-27T17:50:57.235+0000] {logging_mixin.py:188} INFO - [2026-08-27T17:50:57.234+0000] {dagbag.py:545} INFO - Filling up the DagBag from /opt/airflow/dags/example_dag.py
[2026-08-27T17:50:57.281+0000] {processor.py:840} INFO - DAG(s) 'example_dag' retrieved from /opt/airflow/dags/example_dag.py
[2026-08-27T17:50:57.330+0000] {logging_mixin.py:188} INFO - [2026-08-27T17:50:57.329+0000] {dag.py:3096} INFO - Sync 1 DAGs
[2026-08-27T17:50:57.372+0000] {logging_mixin.py:188} INFO - [2026-08-27T17:50:57.371+0000] {dag.py:3954} INFO - Setting next_dagrun for example_dag to 2026-08-26 00:00:00+00:00, run_after=2026-08-27 00:00:00+00:00
[2026-08-27T17:50:57.701+0000] {processor.py:183} INFO - Processing /opt/airflow/dags/example_dag.py took 0.482 seconds
[2026-08-27T17:51:28.110+0000] {processor.py:161} INFO - Started process (PID=229) to work on /opt/airflow/dags/example_dag.py
[2026-08-27T17:51:28.114+0000] {processor.py:830} INFO - Processing file /opt/airflow/dags/example_dag.py for tasks to queue
[2026-08-27T17:51:28.119+0000] {logging_mixin.py:188} INFO - [2026-08-27T17:51:28.118+0000] {dagbag.py:545} INFO - Filling up the DagBag from /opt/airflow/dags/example_dag.py
[2026-08-27T17:51:28.184+0000] {processor.py:840} INFO - DAG(s) 'example_dag' retrieved from /opt/airflow/dags/example_dag.py
[2026-08-27T17:51:28.239+0000] {logging_mixin.py:188} INFO - [2026-08-27T17:51:28.238+0000] {dag.py:3096} INFO - Sync 1 DAGs
[2026-08-27T17:51:28.557+0000] {logging_mixin.py:188} INFO - [2026-08-27T17:51:28.556+0000] {dag.py:3954} INFO - Setting next_dagrun for example_dag to 2026-08-26 00:00:00+00:00, run_after=2026-08-27 00:00:00+00:00
[2026-08-27T17:51:28.634+0000] {processor.py:183} INFO - Processing /opt/airflow/dags/example_dag.py took 0.539 seconds
[2026-08-27T17:51:58.999+0000] {processor.py:161} INFO - Started process (PID=241) to work on /opt/airflow/dags/example_dag.py
[2026-08-27T17:51:59.001+0000] {processor.py:830} INFO - Processing file /opt/airflow/dags/example_dag.py for tasks to queue
[2026-08-27T17:51:59.005+0000] {logging_mixin.py:188} INFO - [2026-08-27T17:51:59.005+0000] {dagbag.py:545} INFO - Filling up the DagBag from /opt/airflow/dags/example_dag.py
[2026-08-27T17:51:59.055+0000] {processor.py:840} INFO - DAG(s) 'example_dag' retrieved from /opt/airflow/dags/example_dag.py
[2026-08-27T17:51:59.105+0000] {logging_mixin.py:188} INFO - [2026-08-27T17:51:59.104+0000] {dag.py:3096} INFO - Sync 1 DAGs
[2026-08-27T17:51:59.312+0000] {logging_mixin.py:188} INFO - [2026-08-27T17:51:59.312+0000] {dag.py:3954} INFO - Setting next_dagrun for example_dag to 2026-08-26 00:00:00+00:00, run_after=2026-08-27 00:00:00+00:00
[2026-08-27T17:51:59.339+0000] {processor.py:183} INFO - Processing /opt/airflow/dags/example_dag.py took 0.352 seconds
[2026-08-27T17:52:29.694+0000] {processor.py:161} INFO - Started process (PID=246) to work on /opt/airflow/dags/example_dag.py
[2026-08-27T17:52:29.697+0000] {processor.py:830} INFO - Processing file /opt/airflow/dags/example_dag.py for tasks to queue
[2026-08-27T17:52:29.701+0000] {logging_mixin.py:188} INFO - [2026-08-27T17:52:29.700+0000] {dagbag.py:545} INFO - Filling up the DagBag from /opt/airflow/dags/example_dag.py
[2026-08-27T17:52:29.745+0000] {processor.py:840} INFO - DAG(s) 'example_dag' retrieved from /opt/airflow/dags/example_dag.py
[2026-08-27T17:52:30.032+0000] {logging_mixin.py:188} INFO - [2026-08-27T17:52:30.032+0000] {dag.py:3096} INFO - Sync 1 DAGs
[2026-08-27T17:52:30.076+0000] {logging_mixin.py:188} INFO - [2026-08-27T17:52:30.076+0000] {dag.py:3954} INFO - Setting next_dagrun for example_dag to 2026-08-26 00:00:00+00:00, run_after=2026-08-27 00:00:00+00:00
[2026-08-27T17:52:30.120+0000] {processor.py:183} INFO - Processing /opt/airflow/dags/example_dag.py took 0.437 seconds
[2026-08-27T17:53:00.494+0000] {processor.py:161} INFO - Started process (PID=258) to work on /opt/airflow/dags/example_dag.py
[2026-08-27T17:53:00.496+0000] {processor.py:830} INFO - Processing file /opt/airflow/dags/example_dag.py for tasks to queue
[2026-08-27T17:53:00.500+0000] {logging_mixin.py:188} INFO - [2026-08-27T17:53:00.499+0000] {dagbag.py:545} INFO - Filling up the DagBag from /opt/airflow/dags/example_dag.py
[2026-08-27T17:53:00.854+0000] {processor.py:840} INFO - DAG(s) 'example_dag' retrieved from /opt/airflow/dags/example_dag.py
[2026-08-27T17:53:00.942+0000] {logging_mixin.py:188} INFO - [2026-08-27T17:53:00.941+0000] {dag.py:3096} INFO - Sync 1 DAGs
[2026-08-27T17:53:01.061+0000] {logging_mixin.py:188} INFO - [2026-08-27T17:53:01.059+0000] {dag.py:3954} INFO - Setting next_dagrun for example_dag to 2026-08-26 00:00:00+00:00, run_after=2026-08-27 00:00:00+00:00
[2026-08-27T17:53:01.144+0000] {processor.py:183} INFO - Processing /opt/airflow/dags/example_dag.py took 0.659 seconds
[2026-08-27T17:53:31.391+0000] {processor.py:161} INFO - Started process (PID=270) to work on /opt/airflow/dags/example_dag.py
[2026-08-27T17:53:31.392+0000] {processor.py:830} INFO - Processing file /opt/airflow/dags/example_dag.py for tasks to queue
[2026-08-27T17:53:31.396+0000] {logging_mixin.py:188} INFO - [2026-08-27T17:53:31.395+0000] {dagbag.py:545} INFO - Filling up the DagBag from /opt/airflow/dags/example_dag.py
[2026-08-27T17:53:31.437+0000] {processor.py:840} INFO - DAG(s) 'example_dag' retrieved from /opt/airflow/dags/example_dag.py
[2026-08-27T17:53:31.497+0000] {logging_mixin.py:188} INFO - [2026-08-27T17:53:31.497+0000] {dag.py:3096} INFO - Sync 1 DAGs
[2026-08-27T17:53:31.538+0000] {logging_mixin.py:188} INFO - [2026-08-27T17:53:31.538+0000] {dag.py:3954} INFO - Setting next_dagrun for example_dag to 2026-08-26 00:00:00+00:00, run_after=2026-08-27 00:00:00+00:00
[2026-08-27T17:53:31.581+0000] {processor.py:183} INFO - Processing /opt/airflow/dags/example_dag.py took 0.202 seconds
[2026-08-27T17:54:01.841+0000] {processor.py:161} INFO - Started process (PID=282) to work on /opt/airflow/dags/example_dag.py
[2026-08-27T17:54:01.843+0000] {processor.py:830} INFO - Processing file /opt/airflow/dags/example_dag.py for tasks to queue
[2026-08-27T17:54:01.845+0000] {logging_mixin.py:188} INFO - [2026-08-27T17:54:01.845+0000] {dagbag.py:545} INFO - Filling up the DagBag from /opt/airflow/dags/example_dag.py
[2026-08-27T17:54:01.887+0000] {processor.py:840} INFO - DAG(s) 'example_dag' retrieved from /opt/airflow/dags/example_dag.py
[2026-08-27T17:54:01.937+0000] {logging_mixin.py:188} INFO - [2026-08-27T17:54:01.936+0000] {dag.py:3096} INFO - Sync 1 DAGs
[2026-08-27T17:54:01.965+0000] {logging_mixin.py:188} INFO - [2026-08-27T17:54:01.965+0000] {dag.py:3954} INFO - Setting next_dagrun for example_dag to 2026-08-26 00:00:00+00:00, run_after=2026-08-27 00:00:00+00:00
[2026-08-27T17:54:02.001+0000] {processor.py:183} INFO - Processing /opt/airflow/dags/example_dag.py took 0.169 seconds
[2026-08-27T17:54:32.316+0000] {processor.py:161} INFO - Started process (PID=294) to work on /opt/airflow/dags/example_dag.py
[2026-08-27T17:54:32.319+0000] {processor.py:830} INFO - Processing file /opt/airflow/dags/example_dag.py for tasks to queue
[2026-08-27T17:54:32.326+0000] {logging_mixin.py:188} INFO - [2026-08-27T17:54:32.325+0000] {dagbag.py:545} INFO - Filling up the DagBag from /opt/airflow/dags/example_dag.py
[2026-08-27T17:54:32.389+0000] {processor.py:840} INFO - DAG(s) 'example_dag' retrieved from /opt/airflow/dags/example_dag.py
[2026-08-27T17:54:32.485+0000] {logging_mixin.py:188} INFO - [2026-08-27T17:54:32.485+0000] {dag.py:3096} INFO - Sync 1 DAGs
[2026-08-27T17:54:32.553+0000] {logging_mixin.py:188} INFO - [2026-08-27T17:54:32.553+0000] {dag.py:3954} INFO - Setting next_dagrun for example_dag to 2026-08-26 00:00:00+00:00, run_after=2026-08-27 00:00:00+00:00
[2026-08-27T17:54:32.580+0000] {processor.py:183} INFO - Processing /opt/airflow/dags/example_dag.py took 0.279 seconds
[2026-08-27T17:55:02.689+0000] {processor.py:161} INFO - Started process (PID=306) to work on /opt/airflow/dags/example_dag.py
[2026-08-27T17:55:02.691+0000] {processor.py:830} INFO - Processing file /opt/airflow/dags/example_dag.py for tasks to queue
[2026-08-27T17:55:02.697+0000] {logging_mixin.py:188} INFO - [2026-08-27T17:55:02.696+0000] {dagbag.py:545} INFO - Filling up the DagBag from /opt/airflow/dags/example_dag.py
[2026-08-27T17:55:02.744+0000] {processor.py:840} INFO - DAG(s) 'example_dag' retrieved from /opt/airflow/dags/example_dag.py
[2026-08-27T17:55:02.795+0000] {logging_mixin.py:188} INFO - [2026-08-27T17:55:02.795+0000] {dag.py:3096} INFO - Sync 1 DAGs
[2026-08-27T17:55:02.839+0000] {logging_mixin.py:188} INFO - [2026-08-27T17:55:02.838+0000] {dag.py:3954} INFO - Setting next_dagrun for example_dag to 2026-08-26 00:00:00+00:00, run_after=2026-08-27 00:00:00+00:00
[2026-08-27T17:55:02.886+0000] {processor.py:183} INFO - Processing /opt/airflow/dags/example_dag.py took 0.209 seconds
[2026-08-27T17:55:33.267+0000] {processor.py:161} INFO - Started process (PID=318) to work on /opt/airflow/dags/example_dag.py
[2026-08-27T17:55:33.270+0000] {processor.py:830} INFO - Processing file /opt/airflow/dags/example_dag.py for tasks to queue
[2026-08-27T17:55:33.274+0000] {logging_mixin.py:188} INFO - [2026-08-27T17:55:33.273+0000] {dagbag.py:545} INFO - Filling up the DagBag from /opt/airflow/dags/example_dag.py
[2026-08-27T17:55:33.335+0000] {processor.py:840} INFO - DAG(s) 'example_dag' retrieved from /opt/airflow/dags/example_dag.py
[2026-08-27T17:55:33.400+0000] {logging_mixin.py:188} INFO - [2026-08-27T17:55:33.400+0000] {dag.py:3096} INFO - Sync 1 DAGs
[2026-08-27T17:55:33.462+0000] {logging_mixin.py:188} INFO - [2026-08-27T17:55:33.462+0000] {dag.py:3954} INFO - Setting next_dagrun for example_dag to 2026-08-26 00:00:00+00:00, run_after=2026-08-27 00:00:00+00:00
[2026-08-27T17:55:33.531+0000] {processor.py:183} INFO - Processing /opt/airflow/dags/example_dag.py took 0.275 seconds
[2026-08-27T17:56:03.900+0000] {processor.py:161} INFO - Started process (PID=330) to work on /opt/airflow/dags/example_dag.py
[2026-08-27T17:56:03.902+0000] {processor.py:830} INFO - Processing file /opt/airflow/dags/example_dag.py for tasks to queue
[2026-08-27T17:56:03.906+0000] {logging_mixin.py:188} INFO - [2026-08-27T17:56:03.905+0000] {dagbag.py:545} INFO - Filling up the DagBag from /opt/airflow/dags/example_dag.py
[2026-08-27T17:56:03.967+0000] {processor.py:840} INFO - DAG(s) 'example_dag' retrieved from /opt/airflow/dags/example_dag.py
[2026-08-27T17:56:04.038+0000] {logging_mixin.py:188} INFO - [2026-08-27T17:56:04.037+0000] {dag.py:3096} INFO - Sync 1 DAGs
[2026-08-27T17:56:04.073+0000] {logging_mixin.py:188} INFO - [2026-08-27T17:56:04.072+0000] {dag.py:3954} INFO - Setting next_dagrun for example_dag to 2026-08-26 00:00:00+00:00, run_after=2026-08-27 00:00:00+00:00
[2026-08-27T17:56:04.098+0000] {processor.py:183} INFO - Processing /opt/airflow/dags/example_dag.py took 0.209 seconds
[2026-08-27T17:56:34.200+0000] {processor.py:161} INFO - Started process (PID=342) to work on /opt/airflow/dags/example_dag.py
[2026-08-27T17:56:34.202+0000] {processor.py:830} INFO - Processing file /opt/airflow/dags/example_dag.py for tasks to queue
[2026-08-27T17:56:34.205+0000] {logging_mixin.py:188} INFO - [2026-08-27T17:56:34.205+0000] {dagbag.py:545} INFO - Filling up the DagBag from /opt/airflow/dags/example_dag.py
[2026-08-27T17:56:34.255+0000] {processor.py:840} INFO - DAG(s) 'example_dag' retrieved from /opt/airflow/dags/example_dag.py
[2026-08-27T17:56:34.312+0000] {logging_mixin.py:188} INFO - [2026-08-27T17:56:34.312+0000] {dag.py:3096} INFO - Sync 1 DAGs
[2026-08-27T17:56:34.351+0000] {logging_mixin.py:188} INFO - [2026-08-27T17:56:34.350+0000] {dag.py:3954} INFO - Setting next_dagrun for example_dag to 2026-08-26 00:00:00+00:00, run_after=2026-08-27 00:00:00+00:00
[2026-08-27T17:56:34.391+0000] {processor.py:183} INFO - Processing /opt/airflow/dags/example_dag.py took 0.202 seconds
[2026-08-27T17:57:04.705+0000] {processor.py:161} INFO - Started process (PID=354) to work on /opt/airflow/dags/example_dag.py
[2026-08-27T17:57:04.707+0000] {processor.py:830} INFO - Processing file /opt/airflow/dags/example_dag.py for tasks to queue
[2026-08-27T17:57:04.709+0000] {logging_mixin.py:188} INFO - [2026-08-27T17:57:04.709+0000] {dagbag.py:545} INFO - Filling up the DagBag from /opt/airflow/dags/example_dag.py
[2026-08-27T17:57:04.746+0000] {processor.py:840} INFO - DAG(s) 'example_dag' retrieved from /opt/airflow/dags/example_dag.py
[2026-08-27T17:57:04.806+0000] {logging_mixin.py:188} INFO - [2026-08-27T17:57:04.805+0000] {dag.py:3096} INFO - Sync 1 DAGs
[2026-08-27T17:57:04.858+0000] {logging_mixin.py:188} INFO - [2026-08-27T17:57:04.858+0000] {dag.py:3954} INFO - Setting next_dagrun for example_dag to 2026-08-26 00:00:00+00:00, run_after=2026-08-27 00:00:00+00:00
[2026-08-27T17:57:04.905+0000] {processor.py:183} INFO - Processing /opt/airflow/dags/example_dag.py took 0.208 seconds
[2026-08-27T17:57:35.131+0000] {processor.py:161} INFO - Started process (PID=359) to work on /opt/airflow/dags/example_dag.py
[2026-08-27T17:57:35.135+0000] {processor.py:830} INFO - Processing file /opt/airflow/dags/example_dag.py for tasks to queue
[2026-08-27T17:57:35.141+0000] {logging_mixin.py:188} INFO - [2026-08-27T17:57:35.140+0000] {dagbag.py:545} INFO - Filling up the DagBag from /opt/airflow/dags/example_dag.py
[2026-08-27T17:57:35.198+0000] {processor.py:840} INFO - DAG(s) 'example_dag' retrieved from /opt/airflow/dags/example_dag.py
[2026-08-27T17:57:35.249+0000] {logging_mixin.py:188} INFO - [2026-08-27T17:57:35.248+0000] {dag.py:3096} INFO - Sync 1 DAGs
[2026-08-27T17:57:35.280+0000] {logging_mixin.py:188} INFO - [2026-08-27T17:57:35.279+0000] {dag.py:3954} INFO - Setting next_dagrun for example_dag to 2026-08-26 00:00:00+00:00, run_after=2026-08-27 00:00:00+00:00
[2026-08-27T17:57:35.304+0000] {processor.py:183} INFO - Processing /opt/airflow/dags/example_dag.py took 0.189 seconds
[2026-08-27T17:58:05.630+0000] {processor.py:161} INFO - Started process (PID=411) to work on /opt/airflow/dags/example_dag.py
[2026-08-27T17:58:05.632+0000] {processor.py:830} INFO - Processing file /opt/airflow/dags/example_dag.py for tasks to queue
[2026-08-27T17:58:05.636+0000] {logging_mixin.py:188} INFO - [2026-08-27T17:58:05.635+0000] {dagbag.py:545} INFO - Filling up the DagBag from /opt/airflow/dags/example_dag.py
[2026-08-27T17:58:05.706+0000] {processor.py:840} INFO - DAG(s) 'example_dag' retrieved from /opt/airflow/dags/example_dag.py
[2026-08-27T17:58:05.775+0000] {logging_mixin.py:188} INFO - [2026-08-27T17:58:05.774+0000] {dag.py:3096} INFO - Sync 1 DAGs
[2026-08-27T17:58:05.825+0000] {logging_mixin.py:188} INFO - [2026-08-27T17:58:05.824+0000] {dag.py:3954} INFO - Setting next_dagrun for example_dag to 2026-08-27 00:00:00+00:00, run_after=2026-08-28 00:00:00+00:00
[2026-08-27T17:58:05.936+0000] {processor.py:183} INFO - Processing /opt/airflow/dags/example_dag.py took 0.322 seconds
[2026-08-27T17:58:36.096+0000] {processor.py:161} INFO - Started process (PID=423) to work on /opt/airflow/dags/example_dag.py
[2026-08-27T17:58:36.098+0000] {processor.py:830} INFO - Processing file /opt/airflow/dags/example_dag.py for tasks to queue
[2026-08-27T17:58:36.101+0000] {logging_mixin.py:188} INFO - [2026-08-27T17:58:36.100+0000] {dagbag.py:545} INFO - Filling up the DagBag from /opt/airflow/dags/example_dag.py
[2026-08-27T17:58:36.167+0000] {processor.py:840} INFO - DAG(s) 'example_dag' retrieved from /opt/airflow/dags/example_dag.py
[2026-08-27T17:58:36.276+0000] {logging_mixin.py:188} INFO - [2026-08-27T17:58:36.275+0000] {dag.py:3096} INFO - Sync 1 DAGs
[2026-08-27T17:58:36.329+0000] {logging_mixin.py:188} INFO - [2026-08-27T17:58:36.328+0000] {dag.py:3954} INFO - Setting next_dagrun for example_dag to 2026-08-27 00:00:00+00:00, run_after=2026-08-28 00:00:00+00:00
[2026-08-27T17:58:36.379+0000] {processor.py:183} INFO - Processing /opt/airflow/dags/example_dag.py took 0.292 seconds
[2026-08-27T17:59:06.714+0000] {processor.py:161} INFO - Started process (PID=435) to work on /opt/airflow/dags/example_dag.py
[2026-08-27T17:59:06.717+0000] {processor.py:830} INFO - Processing file /opt/airflow/dags/example_dag.py for tasks to queue
[2026-08-27T17:59:06.721+0000] {logging_mixin.py:188} INFO - [2026-08-27T17:59:06.720+0000] {dagbag.py:545} INFO - Filling up the DagBag from /opt/airflow/dags/example_dag.py
[2026-08-27T17:59:06.794+0000] {processor.py:840} INFO - DAG(s) 'example_dag' retrieved from /opt/airflow/dags/example_dag.py
[2026-08-27T17:59:06.891+0000] {logging_mixin.py:188} INFO - [2026-08-27T17:59:06.891+0000] {dag.py:3096} INFO - Sync 1 DAGs
[2026-08-27T17:59:06.960+0000] {logging_mixin.py:188} INFO - [2026-08-27T17:59:06.959+0000] {dag.py:3954} INFO - Setting next_dagrun for example_dag to 2026-08-27 00:00:00+00:00, run_after=2026-08-28 00:00:00+00:00
[2026-08-27T17:59:07.014+0000] {processor.py:183} INFO - Processing /opt/airflow/dags/example_dag.py took 0.311 seconds
[2026-08-27T17:59:37.365+0000] {processor.py:161} INFO - Started process (PID=446) to work on /opt/airflow/dags/example_dag.py
[2026-08-27T17:59:37.367+0000] {processor.py:830} INFO - Processing file /opt/airflow/dags/example_dag.py for tasks to queue
[2026-08-27T17:59:37.370+0000] {logging_mixin.py:188} INFO - [2026-08-27T17:59:37.370+0000] {dagbag.py:545} INFO - Filling up the DagBag from /opt/airflow/dags/example_dag.py
[2026-08-27T17:59:37.410+0000] {processor.py:840} INFO - DAG(s) 'example_dag' retrieved from /opt/airflow/dags/example_dag.py
[2026-08-27T17:59:37.462+0000] {logging_mixin.py:188} INFO - [2026-08-27T17:59:37.462+0000] {dag.py:3096} INFO - Sync 1 DAGs
[2026-08-27T17:59:37.506+0000] {logging_mixin.py:188} INFO - [2026-08-27T17:59:37.506+0000] {dag.py:3954} INFO - Setting next_dagrun for example_dag to 2026-08-27 00:00:00+00:00, run_after=2026-08-28 00:00:00+00:00
[2026-08-27T17:59:37.550+0000] {processor.py:183} INFO - Processing /opt/airflow/dags/example_dag.py took 0.196 seconds
[2026-08-27T18:00:07.680+0000] {processor.py:161} INFO - Started process (PID=458) to work on /opt/airflow/dags/example_dag.py
[2026-08-27T18:00:07.682+0000] {processor.py:830} INFO - Processing file /opt/airflow/dags/example_dag.py for tasks to queue
[2026-08-27T18:00:07.686+0000] {logging_mixin.py:188} INFO - [2026-08-27T18:00:07.686+0000] {dagbag.py:545} INFO - Filling up the DagBag from /opt/airflow/dags/example_dag.py
[2026-08-27T18:00:07.744+0000] {processor.py:840} INFO - DAG(s) 'example_dag' retrieved from /opt/airflow/dags/example_dag.py
[2026-08-27T18:00:07.813+0000] {logging_mixin.py:188} INFO - [2026-08-27T18:00:07.813+0000] {dag.py:3096} INFO - Sync 1 DAGs
[2026-08-27T18:00:07.864+0000] {logging_mixin.py:188} INFO - [2026-08-27T18:00:07.863+0000] {dag.py:3954} INFO - Setting next_dagrun for example_dag to 2026-08-27 00:00:00+00:00, run_after=2026-08-28 00:00:00+00:00
[2026-08-27T18:00:07.906+0000] {processor.py:183} INFO - Processing /opt/airflow/dags/example_dag.py took 0.237 seconds
[2026-08-27T18:00:38.252+0000] {processor.py:161} INFO - Started process (PID=470) to work on /opt/airflow/dags/example_dag.py
[2026-08-27T18:00:38.254+0000] {processor.py:830} INFO - Processing file /opt/airflow/dags/example_dag.py for tasks to queue
[2026-08-27T18:00:38.257+0000] {logging_mixin.py:188} INFO - [2026-08-27T18:00:38.257+0000] {dagbag.py:545} INFO - Filling up the DagBag from /opt/airflow/dags/example_dag.py
[2026-08-27T18:00:38.308+0000] {processor.py:840} INFO - DAG(s) 'example_dag' retrieved from /opt/airflow/dags/example_dag.py
[2026-08-27T18:00:38.374+0000] {logging_mixin.py:188} INFO - [2026-08-27T18:00:38.374+0000] {dag.py:3096} INFO - Sync 1 DAGs
[2026-08-27T18:00:38.427+0000] {logging_mixin.py:188} INFO - [2026-08-27T18:00:38.426+0000] {dag.py:3954} INFO - Setting next_dagrun for example_dag to 2026-08-27 00:00:00+00:00, run_after=2026-08-28 00:00:00+00:00
[2026-08-27T18:00:38.459+0000] {processor.py:183} INFO - Processing /opt/airflow/dags/example_dag.py took 0.219 seconds
