[2026-08-27T17:57:50.495+0000] {local_task_job_runner.py:120} INFO - ::group::Pre task execution logs
[2026-08-27T17:57:50.548+0000] {taskinstance.py:2076} INFO - Dependencies all met for dep_context=non-requeueable deps ti=<TaskInstance: example_dag.print_date scheduled__2026-08-26T00:00:00+00:00 [queued]>
[2026-08-27T17:57:50.562+0000] {taskinstance.py:2076} INFO - Dependencies all met for dep_context=requeueable deps ti=<TaskInstance: example_dag.print_date scheduled__2026-08-26T00:00:00+00:00 [queued]>
[2026-08-27T17:57:50.563+0000] {taskinstance.py:2306} INFO - Starting attempt 1 of 2
[2026-08-27T17:57:50.586+0000] {taskinstance.py:2330} INFO - Executing <Task(BashOperator): print_date> on 2026-08-26 00:00:00+00:00
[2026-08-27T17:57:50.596+0000] {standard_task_runner.py:63} INFO - Started process 377 to run task
[2026-08-27T17:57:50.602+0000] {standard_task_runner.py:90} INFO - Running: ['***', 'tasks', 'run', 'example_dag', 'print_date', 'scheduled__2026-08-26T00:00:00+00:00', '--job-id', '4', '--raw', '--subdir', 'DAGS_FOLDER/example_dag.py', '--cfg-path', '/tmp/tmp_zetdxmc']
[2026-08-27T17:57:50.606+0000] {standard_task_runner.py:91} INFO - Job 4: Subtask print_date
[2026-08-27T17:57:50.720+0000] {task_command.py:426} INFO - Running <TaskInstance: example_dag.print_date scheduled__2026-08-26T00:00:00+00:00 [running]> on host d0f58c37ec53
[2026-08-27T17:57:51.288+0000] {taskinstance.py:2648} INFO - Exporting env vars: AIRFLOW_CTX_DAG_OWNER='***' AIRFLOW_CTX_DAG_ID='example_dag' AIRFLOW_CTX_TASK_ID='print_date' AIRFLOW_CTX_EXECUTION_DATE='2026-08-26T00:00:00+00:00' AIRFLOW_CTX_TRY_NUMBER='1' AIRFLOW_CTX_DAG_RUN_ID='scheduled__2026-08-26T00:00:00+00:00'
[2026-08-27T17:57:51.293+0000] {taskinstance.py:430} INFO - ::endgroup::
[2026-08-27T17:57:51.342+0000] {subprocess.py:63} INFO - Tmp dir root location: /tmp
[2026-08-27T17:57:51.347+0000] {subprocess.py:75} INFO - Running command: ['/usr/bin/bash', '-c', 'date']
[2026-08-27T17:57:51.370+0000] {subprocess.py:86} INFO - Output:
[2026-08-27T17:57:51.379+0000] {subprocess.py:93} INFO - Thu Aug 27 17:57:51 UTC 2026
[2026-08-27T17:57:51.381+0000] {subprocess.py:97} INFO - Command exited with return code 0
[2026-08-27T17:57:51.383+0000] {taskinstance.py:441} INFO - ::group::Post task execution logs
[2026-08-27T17:57:51.448+0000] {taskinstance.py:1206} INFO - Marking task as SUCCESS. dag_id=example_dag, task_id=print_date, run_id=scheduled__2026-08-26T00:00:00+00:00, execution_date=20260826T000000, start_date=20260827T175750, end_date=20260827T175751
[2026-08-27T17:57:51.501+0000] {local_task_job_runner.py:240} INFO - Task exited with return code 0
[2026-08-27T17:57:51.532+0000] {local_task_job_runner.py:222} INFO - ::endgroup::
