[2026-08-27T17:57:53.145+0000] {local_task_job_runner.py:120} INFO - ::group::Pre task execution logs
[2026-08-27T17:57:53.239+0000] {taskinstance.py:2076} INFO - Dependencies all met for dep_context=non-requeueable deps ti=<TaskInstance: example_dag.sleep_task scheduled__2026-08-26T00:00:00+00:00 [queued]>
[2026-08-27T17:57:53.264+0000] {taskinstance.py:2076} INFO - Dependencies all met for dep_context=requeueable deps ti=<TaskInstance: example_dag.sleep_task scheduled__2026-08-26T00:00:00+00:00 [queued]>
[2026-08-27T17:57:53.266+0000] {taskinstance.py:2306} INFO - Starting attempt 1 of 2
[2026-08-27T17:57:53.293+0000] {taskinstance.py:2330} INFO - Executing <Task(BashOperator): sleep_task> on 2026-08-26 00:00:00+00:00
[2026-08-27T17:57:53.301+0000] {standard_task_runner.py:63} INFO - Started process 388 to run task
[2026-08-27T17:57:53.307+0000] {standard_task_runner.py:90} INFO - Running: ['***', 'tasks', 'run', 'example_dag', 'sleep_task', 'scheduled__2026-08-26T00:00:00+00:00', '--job-id', '8', '--raw', '--subdir', 'DAGS_FOLDER/example_dag.py', '--cfg-path', '/tmp/tmpq31xh6w2']
[2026-08-27T17:57:53.315+0000] {standard_task_runner.py:91} INFO - Job 8: Subtask sleep_task
[2026-08-27T17:57:53.437+0000] {task_command.py:426} INFO - Running <TaskInstance: example_dag.sleep_task scheduled__2026-08-26T00:00:00+00:00 [running]> on host d0f58c37ec53
[2026-08-27T17:57:53.899+0000] {taskinstance.py:2648} INFO - Exporting env vars: AIRFLOW_CTX_DAG_OWNER='***' AIRFLOW_CTX_DAG_ID='example_dag' AIRFLOW_CTX_TASK_ID='sleep_task' AIRFLOW_CTX_EXECUTION_DATE='2026-08-26T00:00:00+00:00' AIRFLOW_CTX_TRY_NUMBER='1' AIRFLOW_CTX_DAG_RUN_ID='scheduled__2026-08-26T00:00:00+00:00'
[2026-08-27T17:57:53.900+0000] {taskinstance.py:430} INFO - ::endgroup::
[2026-08-27T17:57:53.913+0000] {subprocess.py:63} INFO - Tmp dir root location: /tmp
[2026-08-27T17:57:53.921+0000] {subprocess.py:75} INFO - Running command: ['/usr/bin/bash', '-c', 'sleep 5 && echo "Slept for 5 seconds"']
[2026-08-27T17:57:53.935+0000] {subprocess.py:86} INFO - Output:
[2026-08-27T17:57:58.941+0000] {subprocess.py:93} INFO - Slept for 5 seconds
[2026-08-27T17:57:58.945+0000] {subprocess.py:97} INFO - Command exited with return code 0
[2026-08-27T17:57:58.949+0000] {taskinstance.py:441} INFO - ::group::Post task execution logs
[2026-08-27T17:57:59.077+0000] {taskinstance.py:1206} INFO - Marking task as SUCCESS. dag_id=example_dag, task_id=sleep_task, run_id=scheduled__2026-08-26T00:00:00+00:00, execution_date=20260826T000000, start_date=20260827T175753, end_date=20260827T175759
[2026-08-27T17:57:59.250+0000] {local_task_job_runner.py:240} INFO - Task exited with return code 0
[2026-08-27T17:57:59.341+0000] {taskinstance.py:3503} INFO - 2 downstream tasks scheduled from follow-on schedule check
[2026-08-27T17:57:59.345+0000] {local_task_job_runner.py:222} INFO - ::endgroup::
