[2026-08-27T17:58:00.715+0000] {local_task_job_runner.py:120} INFO - ::group::Pre task execution logs
[2026-08-27T17:58:00.793+0000] {taskinstance.py:2076} INFO - Dependencies all met for dep_context=non-requeueable deps ti=<TaskInstance: example_dag.processing_group.task_a scheduled__2026-08-26T00:00:00+00:00 [queued]>
[2026-08-27T17:58:00.815+0000] {taskinstance.py:2076} INFO - Dependencies all met for dep_context=requeueable deps ti=<TaskInstance: example_dag.processing_group.task_a scheduled__2026-08-26T00:00:00+00:00 [queued]>
[2026-08-27T17:58:00.818+0000] {taskinstance.py:2306} INFO - Starting attempt 1 of 2
[2026-08-27T17:58:00.851+0000] {taskinstance.py:2330} INFO - Executing <Task(BashOperator): processing_group.task_a> on 2026-08-26 00:00:00+00:00
[2026-08-27T17:58:00.859+0000] {standard_task_runner.py:63} INFO - Started process 400 to run task
[2026-08-27T17:58:00.864+0000] {standard_task_runner.py:90} INFO - Running: ['***', 'tasks', 'run', 'example_dag', 'processing_group.task_a', 'scheduled__2026-08-26T00:00:00+00:00', '--job-id', '13', '--raw', '--subdir', 'DAGS_FOLDER/example_dag.py', '--cfg-path', '/tmp/tmp3amixkhh']
[2026-08-27T17:58:00.868+0000] {standard_task_runner.py:91} INFO - Job 13: Subtask processing_group.task_a
[2026-08-27T17:58:00.990+0000] {task_command.py:426} INFO - Running <TaskInstance: example_dag.processing_group.task_a scheduled__2026-08-26T00:00:00+00:00 [running]> on host d0f58c37ec53
[2026-08-27T17:58:01.577+0000] {taskinstance.py:2648} INFO - Exporting env vars: AIRFLOW_CTX_DAG_OWNER='***' AIRFLOW_CTX_DAG_ID='example_dag' AIRFLOW_CTX_TASK_ID='processing_group.task_a' AIRFLOW_CTX_EXECUTION_DATE='2026-08-26T00:00:00+00:00' AIRFLOW_CTX_TRY_NUMBER='1' AIRFLOW_CTX_DAG_RUN_ID='scheduled__2026-08-26T00:00:00+00:00'
[2026-08-27T17:58:01.581+0000] {taskinstance.py:430} INFO - ::endgroup::
[2026-08-27T17:58:01.622+0000] {subprocess.py:63} INFO - Tmp dir root location: /tmp
[2026-08-27T17:58:01.625+0000] {subprocess.py:75} INFO - Running command: ['/usr/bin/bash', '-c', 'echo "Task A completed"']
[2026-08-27T17:58:01.650+0000] {subprocess.py:86} INFO - Output:
[2026-08-27T17:58:01.654+0000] {subprocess.py:93} INFO - Task A completed
[2026-08-27T17:58:01.656+0000] {subprocess.py:97} INFO - Command exited with return code 0
[2026-08-27T17:58:01.658+0000] {taskinstance.py:441} INFO - ::group::Post task execution logs
[2026-08-27T17:58:01.756+0000] {taskinstance.py:1206} INFO - Marking task as SUCCESS. dag_id=example_dag, task_id=processing_group.task_a, run_id=scheduled__2026-08-26T00:00:00+00:00, execution_date=20260826T000000, start_date=20260827T175800, end_date=20260827T175801
[2026-08-27T17:58:01.806+0000] {local_task_job_runner.py:240} INFO - Task exited with return code 0
[2026-08-27T17:58:01.874+0000] {taskinstance.py:3503} INFO - 1 downstream tasks scheduled from follow-on schedule check
[2026-08-27T17:58:01.879+0000] {local_task_job_runner.py:222} INFO - ::endgroup::
