[2026-08-27T17:58:02.281+0000] {local_task_job_runner.py:120} INFO - ::group::Pre task execution logs
[2026-08-27T17:58:02.443+0000] {taskinstance.py:2076} INFO - Dependencies all met for dep_context=non-requeueable deps ti=<TaskInstance: example_dag.processing_group.task_c manual__2026-08-27T17:57:48.317712+00:00 [queued]>
[2026-08-27T17:58:02.479+0000] {taskinstance.py:2076} INFO - Dependencies all met for dep_context=requeueable deps ti=<TaskInstance: example_dag.processing_group.task_c manual__2026-08-27T17:57:48.317712+00:00 [queued]>
[2026-08-27T17:58:02.493+0000] {taskinstance.py:2306} INFO - Starting attempt 1 of 2
[2026-08-27T17:58:02.533+0000] {taskinstance.py:2330} INFO - Executing <Task(BashOperator): processing_group.task_c> on 2026-08-27 17:57:48.317712+00:00
[2026-08-27T17:58:02.552+0000] {standard_task_runner.py:63} INFO - Started process 407 to run task
[2026-08-27T17:58:02.561+0000] {standard_task_runner.py:90} INFO - Running: ['***', 'tasks', 'run', 'example_dag', 'processing_group.task_c', 'manual__2026-08-27T17:57:48.317712+00:00', '--job-id', '14', '--raw', '--subdir', 'DAGS_FOLDER/example_dag.py', '--cfg-path', '/tmp/tmpxodwbqpi']
[2026-08-27T17:58:02.573+0000] {standard_task_runner.py:91} INFO - Job 14: Subtask processing_group.task_c
[2026-08-27T17:58:02.690+0000] {task_command.py:426} INFO - Running <TaskInstance: example_dag.processing_group.task_c manual__2026-08-27T17:57:48.317712+00:00 [running]> on host d0f58c37ec53
[2026-08-27T17:58:03.265+0000] {taskinstance.py:2648} INFO - Exporting env vars: AIRFLOW_CTX_DAG_OWNER='***' AIRFLOW_CTX_DAG_ID='example_dag' AIRFLOW_CTX_TASK_ID='processing_group.task_c' AIRFLOW_CTX_EXECUTION_DATE='2026-08-27T17:57:48.317712+00:00' AIRFLOW_CTX_TRY_NUMBER='1' AIRFLOW_CTX_DAG_RUN_ID='manual__2026-08-27T17:57:48.317712+00:00'
[2026-08-27T17:58:03.268+0000] {taskinstance.py:430} INFO - ::endgroup::
[2026-08-27T17:58:03.293+0000] {subprocess.py:63} INFO - Tmp dir root location: /tmp
[2026-08-27T17:58:03.297+0000] {subprocess.py:75} INFO - Running command: ['/usr/bin/bash', '-c', 'echo "Task C completed"']
[2026-08-27T17:58:03.325+0000] {subprocess.py:86} INFO - Output:
[2026-08-27T17:58:03.328+0000] {subprocess.py:93} INFO - Task C completed
[2026-08-27T17:58:03.329+0000] {subprocess.py:97} INFO - Command exited with return code 0
[2026-08-27T17:58:03.331+0000] {taskinstance.py:441} INFO - ::group::Post task execution logs
[2026-08-27T17:58:03.427+0000] {taskinstance.py:1206} INFO - Marking task as SUCCESS. dag_id=example_dag, task_id=processing_group.task_c, run_id=manual__2026-08-27T17:57:48.317712+00:00, execution_date=20260827T175748, start_date=20260827T175802, end_date=20260827T175803
[2026-08-27T17:58:03.504+0000] {local_task_job_runner.py:240} INFO - Task exited with return code 0
[2026-08-27T17:58:03.582+0000] {taskinstance.py:3503} INFO - 0 downstream tasks scheduled from follow-on schedule check
[2026-08-27T17:58:03.590+0000] {local_task_job_runner.py:222} INFO - ::endgroup::
