[2026-08-27T17:58:00.706+0000] {local_task_job_runner.py:120} INFO - ::group::Pre task execution logs
[2026-08-27T17:58:00.778+0000] {taskinstance.py:2076} INFO - Dependencies all met for dep_context=non-requeueable deps ti=<TaskInstance: example_dag.processing_group.task_b scheduled__2026-08-26T00:00:00+00:00 [queued]>
[2026-08-27T17:58:00.797+0000] {taskinstance.py:2076} INFO - Dependencies all met for dep_context=requeueable deps ti=<TaskInstance: example_dag.processing_group.task_b scheduled__2026-08-26T00:00:00+00:00 [queued]>
[2026-08-27T17:58:00.799+0000] {taskinstance.py:2306} INFO - Starting attempt 1 of 2
[2026-08-27T17:58:00.826+0000] {taskinstance.py:2330} INFO - Executing <Task(BashOperator): processing_group.task_b> on 2026-08-26 00:00:00+00:00
[2026-08-27T17:58:00.834+0000] {standard_task_runner.py:63} INFO - Started process 398 to run task
[2026-08-27T17:58:00.839+0000] {standard_task_runner.py:90} INFO - Running: ['***', 'tasks', 'run', 'example_dag', 'processing_group.task_b', 'scheduled__2026-08-26T00:00:00+00:00', '--job-id', '11', '--raw', '--subdir', 'DAGS_FOLDER/example_dag.py', '--cfg-path', '/tmp/tmp_g22q_01']
[2026-08-27T17:58:00.843+0000] {standard_task_runner.py:91} INFO - Job 11: Subtask processing_group.task_b
[2026-08-27T17:58:00.952+0000] {task_command.py:426} INFO - Running <TaskInstance: example_dag.processing_group.task_b scheduled__2026-08-26T00:00:00+00:00 [running]> on host d0f58c37ec53
[2026-08-27T17:58:01.505+0000] {taskinstance.py:2648} INFO - Exporting env vars: AIRFLOW_CTX_DAG_OWNER='***' AIRFLOW_CTX_DAG_ID='example_dag' AIRFLOW_CTX_TASK_ID='processing_group.task_b' AIRFLOW_CTX_EXECUTION_DATE='2026-08-26T00:00:00+00:00' AIRFLOW_CTX_TRY_NUMBER='1' AIRFLOW_CTX_DAG_RUN_ID='scheduled__2026-08-26T00:00:00+00:00'
[2026-08-27T17:58:01.506+0000] {taskinstance.py:430} INFO - ::endgroup::
[2026-08-27T17:58:01.519+0000] {subprocess.py:63} INFO - Tmp dir root location: /tmp
[2026-08-27T17:58:01.520+0000] {subprocess.py:75} INFO - Running command: ['/usr/bin/bash', '-c', 'echo "Task B completed"']
[2026-08-27T17:58:01.537+0000] {subprocess.py:86} INFO - Output:
[2026-08-27T17:58:01.545+0000] {subprocess.py:93} INFO - Task B completed
[2026-08-27T17:58:01.549+0000] {subprocess.py:97} INFO - Command exited with return code 0
[2026-08-27T17:58:01.553+0000] {taskinstance.py:441} INFO - ::group::Post task execution logs
[2026-08-27T17:58:01.675+0000] {taskinstance.py:1206} INFO - Marking task as SUCCESS. dag_id=example_dag, task_id=processing_group.task_b, run_id=scheduled__2026-08-26T00:00:00+00:00, execution_date=20260826T000000, start_date=20260827T175800, end_date=20260827T175801
[2026-08-27T17:58:01.740+0000] {local_task_job_runner.py:240} INFO - Task exited with return code 0
[2026-08-27T17:58:01.772+0000] {local_task_job_runner.py:222} INFO - ::endgroup::
